{"timestamp": "2026-09-17T21:48:03.489742Z", "level": "INFO", "logger": "sica", "message": "startup", "module": "server", "function": "lifespan", "line": 158}
{"timestamp": "2026-09-17T21:48:05.623719Z", "level": "INFO", "logger": "sica", "message": "startup", "module": "server", "function": "lifespan", "line": 162}
{"timestamp": "2026-09-17T21:48:05.623969Z", "level": "INFO", "logger": "sica", "message": "startup", "module": "server", "function": "lifespan", "line": 166}
{"timestamp": "2026-09-17T21:48:05.625370Z", "level": "INFO", "logger": "sica", "message": "shutdown", "module": "server", "function": "lifespan", "line": 168}
{"timestamp": "2026-09-17T21:49:32.220624Z", "level": "INFO", "logger": "sica", "message": "startup", "module": "server", "function": "lifespan", "line": 158}
{"timestamp": "2026-09-17T21:49:34.164287Z", "level": "INFO", "logger": "sica", "message": "startup", "module": "server", "function": "lifespan", "line": 162}
{"timestamp": "2026-09-17T21:49:34.164472Z", "level": "INFO", "logger": "sica", "message": "startup", "module": "server", "function": "lifespan", "line": 166}
{"timestamp": "2026-09-17T21:49:34.165284Z", "level": "INFO", "logger": "sica", "message": "shutdown", "module": "server", "function": "lifespan", "line": 168}
{"timestamp": "2026-09-17T21:50:07.451651Z", "level": "INFO", "logger": "sica", "message": "startup", "module": "server", "function": "lifespan", "line": 158}
{"timestamp": "2026-09-17T21:50:09.401442Z", "level": "INFO", "logger": "sica", "message": "startup", "module": "server", "function": "lifespan", "line": 162}
{"timestamp": "2026-09-17T21:50:09.401636Z", "level": "INFO", "logger": "sica", "message": "startup", "module": "server", "function": "lifespan", "line": 166}
{"timestamp": "2026-09-17T21:53:06.299316Z", "level": "INFO", "logger": "sica", "message": "analyze_request", "module": "server", "function": "analyze_audio", "line": 253}
{"timestamp": "2026-09-17T21:53:06.299541Z", "level": "INFO", "logger": "sica", "message": "analyze_file_received", "module": "server", "function": "analyze_audio", "line": 260}
{"timestamp": "2026-09-17T21:53:11.924283Z", "level": "INFO", "logger": "sica", "message": "analyze_success", "module": "server", "function": "analyze_audio", "line": 298}
{"timestamp": "2026-09-17T21:53:12.933586Z", "level": "INFO", "logger": "sica", "message": "analyze_request", "module": "server", "function": "analyze_audio", "line": 253}
{"timestamp": "2026-09-17T21:53:12.933786Z", "level": "INFO", "logger": "sica", "message": "analyze_file_received", "module": "server", "function": "analyze_audio", "line": 260}
{"timestamp": "2026-09-17T21:53:12.934043Z", "level": "INFO", "logger": "sica", "message": "analyze_cache_hit", "module": "server", "function": "analyze_audio", "line": 285}
{"timestamp": "2026-09-17T21:53:14.938585Z", "level": "INFO", "logger": "sica", "message": "analyze_request", "module": "server", "function": "analyze_audio", "line": 253}
{"timestamp": "2026-09-17T21:53:14.938745Z", "level": "INFO", "logger": "sica", "message": "analyze_file_received", "module": "server", "function": "analyze_audio", "line": 260}
{"timestamp": "2026-09-17T21:53:14.938970Z", "level": "INFO", "logger": "sica", "message": "analyze_cache_hit", "module": "server", "function": "analyze_audio", "line": 285}
{"timestamp": "2026-09-17T21:53:31.480236Z", "level": "INFO", "logger": "sica", "message": "analyze_request", "module": "server", "function": "analyze_audio", "line": 253}
{"timestamp": "2026-09-17T21:53:31.480399Z", "level": "INFO", "logger": "sica", "message": "analyze_file_received", "module": "server", "function": "analyze_audio", "line": 260}
{"timestamp": "2026-09-17T21:53:31.937150Z", "level": "INFO", "logger": "sica", "message": "analyze_success", "module": "server", "function": "analyze_audio", "line": 298}
{"timestamp": "2026-09-17T21:53:32.943369Z", "level": "INFO", "logger": "sica", "message": "analyze_request", "module": "server", "function": "analyze_audio", "line": 253}
{"timestamp": "2026-09-17T21:53:32.943625Z", "level": "INFO", "logger": "sica", "message": "analyze_file_received", "module": "server", "function": "analyze_audio", "line": 260}
{"timestamp": "2026-09-17T21:53:32.944068Z", "level": "INFO", "logger": "sica", "message": "analyze_cache_hit", "module": "server", "function": "analyze_audio", "line": 285}
{"timestamp": "2026-09-17T21:53:34.951212Z", "level": "INFO", "logger": "sica", "message": "analyze_request", "module": "server", "function": "analyze_audio", "line": 253}
{"timestamp": "2026-09-17T21:53:34.951465Z", "level": "INFO", "logger": "sica", "message": "analyze_file_received", "module": "server", "function": "analyze_audio", "line": 260}
{"timestamp": "2026-09-17T21:53:34.951751Z", "level": "INFO", "logger": "sica", "message": "analyze_cache_hit", "module": "server", "function": "analyze_audio", "line": 285}
{"timestamp": "2026-09-17T21:54:58.796158Z", "level": "INFO", "logger": "sica", "message": "analyze_request", "module": "server", "function": "analyze_audio", "line": 253}
{"timestamp": "2026-09-17T21:54:58.796408Z", "level": "INFO", "logger": "sica", "message": "analyze_file_received", "module": "server", "function": "analyze_audio", "line": 260}
{"timestamp": "2026-09-17T21:54:59.270183Z", "level": "INFO", "logger": "sica", "message": "analyze_success", "module": "server", "function": "analyze_audio", "line": 298}
{"timestamp": "2026-09-17T21:55:00.278342Z", "level": "INFO", "logger": "sica", "message": "analyze_request", "module": "server", "function": "analyze_audio", "line": 253}
{"timestamp": "2026-09-17T21:55:00.278539Z", "level": "INFO", "logger": "sica", "message": "analyze_file_received", "module": "server", "function": "analyze_audio", "line": 260}
{"timestamp": "2026-09-17T21:55:00.278815Z", "level": "INFO", "logger": "sica", "message": "analyze_cache_hit", "module": "server", "function": "analyze_audio", "line": 285}
{"timestamp": "2026-09-17T21:55:02.288013Z", "level": "INFO", "logger": "sica", "message": "analyze_request", "module": "server", "function": "analyze_audio", "line": 253}
{"timestamp": "2026-09-17T21:55:02.288312Z", "level": "INFO", "logger": "sica", "message": "analyze_file_received", "module": "server", "function": "analyze_audio", "line": 260}
{"timestamp": "2026-09-17T21:55:02.288636Z", "level": "INFO", "logger": "sica", "message": "analyze_cache_hit", "module": "server", "function": "analyze_audio", "line": 285}
{"timestamp": "2026-09-17T21:57:03.323088Z", "level": "INFO", "logger": "sica", "message": "analyze_request", "module": "server", "function": "analyze_audio", "line": 253}
{"timestamp": "2026-09-17T21:57:03.323434Z", "level": "INFO", "logger": "sica", "message": "analyze_file_received", "module": "server", "function": "analyze_audio", "line": 260}
{"timestamp": "2026-09-17T21:57:03.788345Z", "level": "INFO", "logger": "sica", "message": "analyze_success", "module": "server", "function": "analyze_audio", "line": 298}
{"timestamp": "2026-09-17T21:57:04.793946Z", "level": "INFO", "logger": "sica", "message": "analyze_request", "module": "server", "function": "analyze_audio", "line": 253}
{"timestamp": "2026-09-17T21:57:04.794310Z", "level": "INFO", "logger": "sica", "message": "analyze_file_received", "module": "server", "function": "analyze_audio", "line": 260}
{"timestamp": "2026-09-17T21:57:04.794648Z", "level": "INFO", "logger": "sica", "message": "analyze_cache_hit", "module": "server", "function": "analyze_audio", "line": 285}
{"timestamp": "2026-09-17T21:57:06.800263Z", "level": "INFO", "logger": "sica", "message": "analyze_request", "module": "server", "function": "analyze_audio", "line": 253}
{"timestamp": "2026-09-17T21:57:06.800500Z", "level": "INFO", "logger": "sica", "message": "analyze_file_received", "module": "server", "function": "analyze_audio", "line": 260}
{"timestamp": "2026-09-17T21:57:06.800728Z", "level": "INFO", "logger": "sica", "message": "analyze_cache_hit", "module": "server", "function": "analyze_audio", "line": 285}
{"timestamp": "2026-09-17T22:01:18.812796Z", "level": "INFO", "logger": "sica", "message": "startup", "module": "server", "function": "lifespan", "line": 158}
{"timestamp": "2026-09-17T22:01:21.063798Z", "level": "INFO", "logger": "sica", "message": "startup", "module": "server", "function": "lifespan", "line": 162}
{"timestamp": "2026-09-17T22:01:21.064012Z", "level": "INFO", "logger": "sica", "message": "startup", "module": "server", "function": "lifespan", "line": 166}
{"timestamp": "2026-09-17T22:01:21.066217Z", "level": "INFO", "logger": "sica", "message": "shutdown", "module": "server", "function": "lifespan", "line": 168}
{"timestamp": "2026-09-17T22:02:46.962559Z", "level": "INFO", "logger": "sica", "message": "startup", "module": "server", "function": "lifespan", "line": 158}
{"timestamp": "2026-09-17T22:02:49.717629Z", "level": "INFO", "logger": "sica", "message": "startup", "module": "server", "function": "lifespan", "line": 162}
{"timestamp": "2026-09-17T22:02:49.717856Z", "level": "INFO", "logger": "sica", "message": "startup", "module": "server", "function": "lifespan", "line": 166}
{"timestamp": "2026-09-17T22:23:25.800086Z", "level": "INFO", "logger": "sica", "message": "startup", "module": "server", "function": "lifespan", "line": 158}
{"timestamp": "2026-09-17T22:23:28.247629Z", "level": "INFO", "logger": "sica", "message": "startup", "module": "server", "function": "lifespan", "line": 162}
{"timestamp": "2026-09-17T22:23:28.247888Z", "level": "INFO", "logger": "sica", "message": "startup", "module": "server", "function": "lifespan", "line": 166}
{"timestamp": "2026-09-17T22:23:28.248952Z", "level": "INFO", "logger": "sica", "message": "shutdown", "module": "server", "function": "lifespan", "line": 168}
{"timestamp": "2026-09-17T22:25:47.632063Z", "level": "INFO", "logger": "sica", "message": "startup", "module": "server", "function": "lifespan", "line": 158}
{"timestamp": "2026-09-17T22:25:49.876688Z", "level": "INFO", "logger": "sica", "message": "startup", "module": "server", "function": "lifespan", "line": 162}
{"timestamp": "2026-09-17T22:25:49.876892Z", "level": "INFO", "logger": "sica", "message": "startup", "module": "server", "function": "lifespan", "line": 166}
{"timestamp": "2026-09-17T22:26:47.782706Z", "level": "INFO", "logger": "sica", "message": "analyze_request", "module": "server", "function": "analyze_audio", "line": 253}
{"timestamp": "2026-09-17T22:26:47.782897Z", "level": "INFO", "logger": "sica", "message": "analyze_file_received", "module": "server", "function": "analyze_audio", "line": 260}
{"timestamp": "2026-09-17T22:26:48.824191Z", "level": "INFO", "logger": "sica", "message": "analyze_success", "module": "server", "function": "analyze_audio", "line": 298}
{"timestamp": "2026-09-17T22:27:31.884098Z", "level": "INFO", "logger": "sica", "message": "analyze_request", "module": "server", "function": "analyze_audio", "line": 253}
{"timestamp": "2026-09-17T22:27:31.884358Z", "level": "INFO", "logger": "sica", "message": "analyze_file_received", "module": "server", "function": "analyze_audio", "line": 260}
{"timestamp": "2026-09-17T22:27:32.345490Z", "level": "INFO", "logger": "sica", "message": "analyze_success", "module": "server", "function": "analyze_audio", "line": 298}
{"timestamp": "2026-09-17T22:44:27.507635Z", "level": "INFO", "logger": "sica", "message": "analyze_request", "module": "server", "function": "analyze_audio", "line": 253}
{"timestamp": "2026-09-17T22:44:27.507820Z", "level": "INFO", "logger": "sica", "message": "analyze_file_received", "module": "server", "function": "analyze_audio", "line": 260}
{"timestamp": "2026-09-17T22:44:27.999044Z", "level": "INFO", "logger": "sica", "message": "analyze_success", "module": "server", "function": "analyze_audio", "line": 298}
{"timestamp": "2026-09-17T22:44:46.121005Z", "level": "INFO", "logger": "sica", "message": "analyze_request", "module": "server", "function": "analyze_audio", "line": 253}
{"timestamp": "2026-09-17T22:44:46.121250Z", "level": "INFO", "logger": "sica", "message": "analyze_file_received", "module": "server", "function": "analyze_audio", "line": 260}
{"timestamp": "2026-09-17T22:44:46.588607Z", "level": "INFO", "logger": "sica", "message": "analyze_success", "module": "server", "function": "analyze_audio", "line": 298}
{"timestamp": "2026-09-17T22:45:01.890628Z", "level": "INFO", "logger": "sica", "message": "analyze_request", "module": "server", "function": "analyze_audio", "line": 253}
{"timestamp": "2026-09-17T22:45:01.890934Z", "level": "INFO", "logger": "sica", "message": "analyze_file_received", "module": "server", "function": "analyze_audio", "line": 260}
{"timestamp": "2026-09-17T22:45:02.354077Z", "level": "INFO", "logger": "sica", "message": "analyze_success", "module": "server", "function": "analyze_audio", "line": 298}
{"timestamp": "2026-09-17T22:45:10.901020Z", "level": "INFO", "logger": "sica", "message": "analyze_request", "module": "server", "function": "analyze_audio", "line": 253}
{"timestamp": "2026-09-17T22:45:10.901319Z", "level": "INFO", "logger": "sica", "message": "analyze_file_received", "module": "server", "function": "analyze_audio", "line": 260}
{"timestamp": "2026-09-17T22:45:11.367471Z", "level": "INFO", "logger": "sica", "message": "analyze_success", "module": "server", "function": "analyze_audio", "line": 298}
{"timestamp": "2026-09-17T22:55:27.209204Z", "level": "INFO", "logger": "sica", "message": "analyze_request", "module": "server", "function": "analyze_audio", "line": 253}
{"timestamp": "2026-09-17T22:55:27.209454Z", "level": "INFO", "logger": "sica", "message": "analyze_file_received", "module": "server", "function": "analyze_audio", "line": 260}
{"timestamp": "2026-09-17T22:55:27.668919Z", "level": "INFO", "logger": "sica", "message": "analyze_success", "module": "server", "function": "analyze_audio", "line": 298}
{"timestamp": "2026-09-17T23:03:25.993277Z", "level": "INFO", "logger": "sica", "message": "analyze_request", "module": "server", "function": "analyze_audio", "line": 253}
{"timestamp": "2026-09-17T23:03:25.993562Z", "level": "INFO", "logger": "sica", "message": "analyze_file_received", "module": "server", "function": "analyze_audio", "line": 260}
{"timestamp": "2026-09-17T23:03:26.453755Z", "level": "INFO", "logger": "sica", "message": "analyze_success", "module": "server", "function": "analyze_audio", "line": 298}
{"timestamp": "2026-09-17T23:03:36.034553Z", "level": "INFO", "logger": "sica", "message": "analyze_request", "module": "server", "function": "analyze_audio", "line": 253}
{"timestamp": "2026-09-17T23:03:36.034847Z", "level": "INFO", "logger": "sica", "message": "analyze_file_received", "module": "server", "function": "analyze_audio", "line": 260}
{"timestamp": "2026-09-17T23:03:36.515438Z", "level": "INFO", "logger": "sica", "message": "analyze_success", "module": "server", "function": "analyze_audio", "line": 298}
{"timestamp": "2026-09-17T23:09:13.743801Z", "level": "INFO", "logger": "sica", "message": "analyze_request", "module": "server", "function": "analyze_audio", "line": 253}
{"timestamp": "2026-09-17T23:09:13.744171Z", "level": "INFO", "logger": "sica", "message": "analyze_file_received", "module": "server", "function": "analyze_audio", "line": 260}
{"timestamp": "2026-09-17T23:09:14.212729Z", "level": "INFO", "logger": "sica", "message": "analyze_success", "module": "server", "function": "analyze_audio", "line": 298}
{"timestamp": "2026-09-17T23:09:48.089757Z", "level": "INFO", "logger": "sica", "message": "analyze_request", "module": "server", "function": "analyze_audio", "line": 253}
{"timestamp": "2026-09-17T23:09:48.090033Z", "level": "INFO", "logger": "sica", "message": "analyze_file_received", "module": "server", "function": "analyze_audio", "line": 260}
{"timestamp": "2026-09-17T23:09:48.630568Z", "level": "INFO", "logger": "sica", "message": "analyze_success", "module": "server", "function": "analyze_audio", "line": 298}
{"timestamp": "2026-09-17T23:11:09.133349Z", "level": "INFO", "logger": "sica", "message": "analyze_request", "module": "server", "function": "analyze_audio", "line": 253}
{"timestamp": "2026-09-17T23:11:09.133597Z", "level": "INFO", "logger": "sica", "message": "analyze_file_received", "module": "server", "function": "analyze_audio", "line": 260}
{"timestamp": "2026-09-17T23:11:09.580651Z", "level": "INFO", "logger": "sica", "message": "analyze_success", "module": "server", "function": "analyze_audio", "line": 298}
{"timestamp": "2026-09-17T23:11:24.643422Z", "level": "INFO", "logger": "sica", "message": "analyze_request", "module": "server", "function": "analyze_audio", "line": 253}
{"timestamp": "2026-09-17T23:11:24.643619Z", "level": "INFO", "logger": "sica", "message": "analyze_file_received", "module": "server", "function": "analyze_audio", "line": 260}
{"timestamp": "2026-09-17T23:11:25.104374Z", "level": "INFO", "logger": "sica", "message": "analyze_success", "module": "server", "function": "analyze_audio", "line": 298}
{"timestamp": "2026-09-17T23:11:37.056231Z", "level": "INFO", "logger": "sica", "message": "analyze_request", "module": "server", "function": "analyze_audio", "line": 253}
{"timestamp": "2026-09-17T23:11:37.056546Z", "level": "INFO", "logger": "sica", "message": "analyze_file_received", "module": "server", "function": "analyze_audio", "line": 260}
{"timestamp": "2026-09-17T23:11:37.515725Z", "level": "INFO", "logger": "sica", "message": "analyze_success", "module": "server", "function": "analyze_audio", "line": 298}
{"timestamp": "2026-09-17T23:11:53.110453Z", "level": "INFO", "logger": "sica", "message": "analyze_request", "module": "server", "function": "analyze_audio", "line": 253}
{"timestamp": "2026-09-17T23:11:53.110767Z", "level": "INFO", "logger": "sica", "message": "analyze_file_received", "module": "server", "function": "analyze_audio", "line": 260}
{"timestamp": "2026-09-17T23:11:53.613427Z", "level": "INFO", "logger": "sica", "message": "analyze_success", "module": "server", "function": "analyze_audio", "line": 298}
{"timestamp": "2026-09-17T23:51:38.979426Z", "level": "INFO", "logger": "sica", "message": "analyze_request", "module": "server", "function": "analyze_audio", "line": 253}
{"timestamp": "2026-09-17T23:51:38.979716Z", "level": "INFO", "logger": "sica", "message": "analyze_file_received", "module": "server", "function": "analyze_audio", "line": 260}
{"timestamp": "2026-09-17T23:51:39.442161Z", "level": "INFO", "logger": "sica", "message": "analyze_success", "module": "server", "function": "analyze_audio", "line": 298}
{"timestamp": "2026-09-17T23:51:46.515882Z", "level": "INFO", "logger": "sica", "message": "analyze_request", "module": "server", "function": "analyze_audio", "line": 253}
{"timestamp": "2026-09-17T23:51:46.516105Z", "level": "INFO", "logger": "sica", "message": "analyze_file_received", "module": "server", "function": "analyze_audio", "line": 260}
{"timestamp": "2026-09-17T23:51:46.979634Z", "level": "INFO", "logger": "sica", "message": "analyze_success", "module": "server", "function": "analyze_audio", "line": 298}
{"timestamp": "2026-09-17T23:52:38.141098Z", "level": "INFO", "logger": "sica", "message": "analyze_request", "module": "server", "function": "analyze_audio", "line": 253}
{"timestamp": "2026-09-17T23:52:38.141359Z", "level": "INFO", "logger": "sica", "message": "analyze_file_received", "module": "server", "function": "analyze_audio", "line": 260}
{"timestamp": "2026-09-17T23:52:38.608660Z", "level": "INFO", "logger": "sica", "message": "analyze_success", "module": "server", "function": "analyze_audio", "line": 298}
{"timestamp": "2026-09-17T23:52:56.507442Z", "level": "INFO", "logger": "sica", "message": "analyze_request", "module": "server", "function": "analyze_audio", "line": 253}
{"timestamp": "2026-09-17T23:52:56.507749Z", "level": "INFO", "logger": "sica", "message": "analyze_file_received", "module": "server", "function": "analyze_audio", "line": 260}
{"timestamp": "2026-09-17T23:52:56.962724Z", "level": "INFO", "logger": "sica", "message": "analyze_success", "module": "server", "function": "analyze_audio", "line": 298}
{"timestamp": "2026-09-18T00:20:14.371127Z", "level": "INFO", "logger": "sica", "message": "analyze_request", "module": "server", "function": "analyze_audio", "line": 253}
{"timestamp": "2026-09-18T00:20:14.371447Z", "level": "INFO", "logger": "sica", "message": "analyze_file_received", "module": "server", "function": "analyze_audio", "line": 260}
{"timestamp": "2026-09-18T00:20:14.842394Z", "level": "INFO", "logger": "sica", "message": "analyze_success", "module": "server", "function": "analyze_audio", "line": 298}
{"timestamp": "2026-09-18T01:34:57.621033Z", "level": "INFO", "logger": "sica", "message": "analyze_request", "module": "server", "function": "analyze_audio", "line": 253}
{"timestamp": "2026-09-18T01:34:57.625268Z", "level": "INFO", "logger": "sica", "message": "analyze_file_received", "module": "server", "function": "analyze_audio", "line": 260}
{"timestamp": "2026-09-18T01:35:01.926783Z", "level": "INFO", "logger": "sica", "message": "analyze_success", "module": "server", "function": "analyze_audio", "line": 298}
{"timestamp": "2026-09-18T01:35:15.907211Z", "level": "INFO", "logger": "sica", "message": "analyze_request", "module": "server", "function": "analyze_audio", "line": 253}
{"timestamp": "2026-09-18T01:35:15.907847Z", "level": "INFO", "logger": "sica", "message": "analyze_file_received", "module": "server", "function": "analyze_audio", "line": 260}
{"timestamp": "2026-09-18T01:35:17.161469Z", "level": "INFO", "logger": "sica", "message": "analyze_success", "module": "server", "function": "analyze_audio", "line": 298}
{"timestamp": "2026-09-18T01:46:00.563509Z", "level": "INFO", "logger": "sica", "message": "analyze_request", "module": "server", "function": "analyze_audio", "line": 253}
{"timestamp": "2026-09-18T01:46:00.563966Z", "level": "INFO", "logger": "sica", "message": "analyze_file_received", "module": "server", "function": "analyze_audio", "line": 260}
{"timestamp": "2026-09-18T01:46:01.132128Z", "level": "INFO", "logger": "sica", "message": "analyze_success", "module": "server", "function": "analyze_audio", "line": 298}
{"timestamp": "2026-09-18T01:55:15.063826Z", "level": "INFO", "logger": "sica", "message": "analyze_request", "module": "server", "function": "analyze_audio", "line": 253}
{"timestamp": "2026-09-18T01:55:15.064460Z", "level": "INFO", "logger": "sica", "message": "analyze_file_received", "module": "server", "function": "analyze_audio", "line": 260}
{"timestamp": "2026-09-18T01:55:16.022341Z", "level": "INFO", "logger": "sica", "message": "analyze_success", "module": "server", "function": "analyze_audio", "line": 298}
{"timestamp": "2026-09-18T02:22:03.328384Z", "level": "INFO", "logger": "sica", "message": "analyze_request", "module": "server", "function": "analyze_audio", "line": 253}
{"timestamp": "2026-09-18T02:22:03.332979Z", "level": "INFO", "logger": "sica", "message": "analyze_file_received", "module": "server", "function": "analyze_audio", "line": 260}
{"timestamp": "2026-09-18T02:22:04.734648Z", "level": "INFO", "logger": "sica", "message": "analyze_success", "module": "server", "function": "analyze_audio", "line": 298}
{"timestamp": "2026-09-18T02:44:11.673853Z", "level": "INFO", "logger": "sica", "message": "analyze_request", "module": "server", "function": "analyze_audio", "line": 253}
{"timestamp": "2026-09-18T02:44:11.677097Z", "level": "INFO", "logger": "sica", "message": "analyze_file_received", "module": "server", "function": "analyze_audio", "line": 260}
{"timestamp": "2026-09-18T02:44:12.524949Z", "level": "INFO", "logger": "sica", "message": "analyze_success", "module": "server", "function": "analyze_audio", "line": 298}
{"timestamp": "2026-09-18T03:41:36.527793Z", "level": "INFO", "logger": "sica", "message": "analyze_request", "module": "server", "function": "analyze_audio", "line": 253}
{"timestamp": "2026-09-18T03:41:36.528443Z", "level": "INFO", "logger": "sica", "message": "analyze_file_received", "module": "server", "function": "analyze_audio", "line": 260}
{"timestamp": "2026-09-18T03:41:37.020918Z", "level": "INFO", "logger": "sica", "message": "analyze_success", "module": "server", "function": "analyze_audio", "line": 298}
